// Jest Snapshot v1, https://goo.gl/fbAQLP

exports[`<AdminHomeScreen /> renders correctly 1`] = `
<RCTSafeAreaView
  accessible={false}
  emulateUnlessSupported={true}
  focusable={true}
  onClick={[Function]}
  onResponderGrant={[Function]}
  onResponderMove={[Function]}
  onResponderRelease={[Function]}
  onResponderTerminate={[Function]}
  onResponderTerminationRequest={[Function]}
  onStartShouldSetResponder={[Function]}
  style={
    Object {
      "backgroundColor": "#202020",
      "borderTopLeftRadius": 15,
      "borderTopRightRadius": 15,
      "flex": 1,
      "paddingHorizontal": 10,
    }
  }
  testID="admin-safe-view"
>
  <Text
    style={
      Array [
        Object {
          "color": "#C0C0C0",
          "fontFamily": "Avenir-Black",
          "fontSize": 25,
          "fontWeight": "900",
          "textAlign": "center",
        },
        Object {
          "marginTop": 10,
        },
      ]
    }
  >
    
  </Text>
  <View
    style={
      Object {
        "backgroundColor": "#202020",
        "borderTopLeftRadius": 15,
        "borderTopRightRadius": 15,
        "flex": 1,
        "paddingHorizontal": 10,
      }
    }
  >
    <View
      style={
        Object {
          "alignItems": "center",
          "justifyContent": "center",
          "marginTop": 5,
          "width": "100%",
        }
      }
    >
      <View
        style={
          Object {
            "alignItems": "center",
            "flexDirection": "row",
            "justifyContent": "flex-start",
          }
        }
      >
        <Text
          style={
            Object {
              "color": "#E0E0E0",
              "fontWeight": "bold",
            }
          }
          testID="rate-text"
        >
          Rate: 
        </Text>
        <Text
          style={
            Array [
              Object {
                "color": "#C0C0C0",
                "fontFamily": "Avenir-Black",
                "fontSize": 20,
                "fontWeight": "700",
              },
              Object {
                "color": "#66A182",
              },
            ]
          }
        >
          $
          
          /hr
        </Text>
      </View>
      <View
        onLayout={[Function]}
        style={
          Object {
            "alignItems": "center",
            "backgroundColor": "#404040",
            "borderRadius": 5,
            "flexDirection": "row",
            "marginVertical": 10,
            "paddingVertical": 10,
          }
        }
      >
        <TextInput
          allowFontScaling={true}
          autoCorrect={false}
          editable={true}
          enablesReturnKeyAutomatically={true}
          keyboardType="default"
          onChangeText={[Function]}
          onSubmitEditing={[Function]}
          placeholder=""
          placeholderTextColor="#A0A0A0"
          rejectResponderTermination={true}
          returnKeyType="next"
          style={
            Array [
              Object {
                "color": "#C0C0C0",
                "fontFamily": "Avenir-Black",
                "fontSize": 17,
                "fontWeight": "400",
              },
              Object {
                "flex": 1,
                "paddingHorizontal": 10,
              },
              Object {
                "maxHeight": 15,
                "maxWidth": "90%",
              },
            ]
          }
          underlineColorAndroid="transparent"
          value=""
        />
      </View>
    </View>
    <View
      style={
        Object {
          "alignItems": "center",
          "justifyContent": "center",
          "marginTop": 5,
          "width": "100%",
        }
      }
    >
      <View
        style={
          Object {
            "alignItems": "center",
            "flexDirection": "row",
            "justifyContent": "flex-start",
          }
        }
      >
        <Text
          style={
            Object {
              "color": "#E0E0E0",
              "fontWeight": "bold",
            }
          }
          testID="capacity-text"
        >
          Capacity: 
        </Text>
        <Text
          style={
            Array [
              Object {
                "color": "#C0C0C0",
                "fontFamily": "Avenir-Black",
                "fontSize": 20,
                "fontWeight": "700",
              },
              Object {
                "color": "#66A182",
              },
            ]
          }
        >
          0
          /
          
        </Text>
      </View>
      <View
        onLayout={[Function]}
        style={
          Object {
            "alignItems": "center",
            "backgroundColor": "#404040",
            "borderRadius": 5,
            "flexDirection": "row",
            "marginVertical": 10,
            "paddingVertical": 10,
          }
        }
      >
        <TextInput
          allowFontScaling={true}
          autoCorrect={false}
          editable={true}
          enablesReturnKeyAutomatically={true}
          keyboardType="default"
          onChangeText={[Function]}
          onSubmitEditing={[Function]}
          placeholder=""
          placeholderTextColor="#A0A0A0"
          rejectResponderTermination={true}
          returnKeyType="next"
          style={
            Array [
              Object {
                "color": "#C0C0C0",
                "fontFamily": "Avenir-Black",
                "fontSize": 17,
                "fontWeight": "400",
              },
              Object {
                "flex": 1,
                "paddingHorizontal": 10,
              },
              Object {
                "maxHeight": 15,
                "maxWidth": "90%",
              },
            ]
          }
          underlineColorAndroid="transparent"
          value=""
        />
      </View>
    </View>
    <View
      style={
        Object {
          "alignItems": "center",
          "justifyContent": "center",
          "marginTop": 5,
          "width": "100%",
        }
      }
    >
      <View
        style={
          Object {
            "alignItems": "center",
            "flexDirection": "row",
            "justifyContent": "flex-start",
          }
        }
      >
        <Text
          style={
            Object {
              "color": "#E0E0E0",
              "fontWeight": "bold",
            }
          }
          testID="longitude-text"
        >
          Longitude: 
        </Text>
        <Text
          style={
            Array [
              Object {
                "color": "#C0C0C0",
                "fontFamily": "Avenir-Black",
                "fontSize": 20,
                "fontWeight": "700",
              },
              Object {
                "color": "#66A182",
              },
            ]
          }
        >
          
        </Text>
      </View>
      <View
        onLayout={[Function]}
        style={
          Object {
            "alignItems": "center",
            "backgroundColor": "#404040",
            "borderRadius": 5,
            "flexDirection": "row",
            "marginVertical": 10,
            "paddingVertical": 10,
          }
        }
      >
        <TextInput
          allowFontScaling={true}
          autoCorrect={false}
          editable={true}
          enablesReturnKeyAutomatically={true}
          keyboardType="default"
          onChangeText={[Function]}
          onSubmitEditing={[Function]}
          placeholder=""
          placeholderTextColor="#A0A0A0"
          rejectResponderTermination={true}
          returnKeyType="next"
          style={
            Array [
              Object {
                "color": "#C0C0C0",
                "fontFamily": "Avenir-Black",
                "fontSize": 17,
                "fontWeight": "400",
              },
              Object {
                "flex": 1,
                "paddingHorizontal": 10,
              },
              Object {
                "maxHeight": 15,
                "maxWidth": "90%",
              },
            ]
          }
          underlineColorAndroid="transparent"
          value=""
        />
      </View>
    </View>
    <View
      style={
        Object {
          "alignItems": "center",
          "justifyContent": "center",
          "marginBottom": 10,
          "marginTop": 5,
          "width": "100%",
        }
      }
    >
      <View
        style={
          Object {
            "alignItems": "center",
            "flexDirection": "row",
            "justifyContent": "flex-start",
          }
        }
      >
        <Text
          style={
            Object {
              "color": "#E0E0E0",
              "fontWeight": "bold",
            }
          }
          testID="latitude-text"
        >
          Latitude: 
        </Text>
        <Text
          style={
            Array [
              Object {
                "color": "#C0C0C0",
                "fontFamily": "Avenir-Black",
                "fontSize": 20,
                "fontWeight": "700",
              },
              Object {
                "color": "#66A182",
              },
            ]
          }
        >
          
        </Text>
      </View>
      <View
        onLayout={[Function]}
        style={
          Object {
            "alignItems": "center",
            "backgroundColor": "#404040",
            "borderRadius": 5,
            "flexDirection": "row",
            "marginVertical": 10,
            "paddingVertical": 10,
          }
        }
      >
        <TextInput
          allowFontScaling={true}
          autoCorrect={false}
          editable={true}
          enablesReturnKeyAutomatically={true}
          keyboardType="default"
          onChangeText={[Function]}
          onSubmitEditing={[Function]}
          placeholder=""
          placeholderTextColor="#A0A0A0"
          rejectResponderTermination={true}
          returnKeyType="next"
          style={
            Array [
              Object {
                "color": "#C0C0C0",
                "fontFamily": "Avenir-Black",
                "fontSize": 17,
                "fontWeight": "400",
              },
              Object {
                "flex": 1,
                "paddingHorizontal": 10,
              },
              Object {
                "maxHeight": 15,
                "maxWidth": "90%",
              },
            ]
          }
          underlineColorAndroid="transparent"
          value=""
        />
      </View>
    </View>
    <AIRMap
      handlePanDrag={false}
      initialRegion={null}
      onChange={[Function]}
      onLayout={[Function]}
      onMapReady={[Function]}
      onMarkerPress={[Function]}
      region={null}
      showsUserLocation={true}
      style={
        Object {
          "height": "40%",
        }
      }
    >
      <AIRMapMarker
        coordinate={
          Object {
            "latitude": 0,
            "longitude": 0,
          }
        }
        description=""
        onPress={[Function]}
        stopPropagation={false}
        style={
          Array [
            Object {
              "backgroundColor": "transparent",
              "position": "absolute",
            },
            undefined,
          ]
        }
        title=""
      />
    </AIRMap>
    <View
      accessible={true}
      focusable={true}
      onClick={[Function]}
      onResponderGrant={[Function]}
      onResponderMove={[Function]}
      onResponderRelease={[Function]}
      onResponderTerminate={[Function]}
      onResponderTerminationRequest={[Function]}
      onStartShouldSetResponder={[Function]}
      style={
        Object {
          "backgroundColor": "#66A182",
          "borderRadius": 5,
          "marginBottom": 10,
          "marginTop": "auto",
          "opacity": 1,
          "paddingVertical": 10,
        }
      }
    >
      <Text
        style={
          Array [
            Object {
              "color": "#C0C0C0",
              "fontFamily": "Avenir-Black",
              "fontSize": 17,
              "fontWeight": "400",
            },
            Object {
              "color": "#E0E0E0",
              "textAlign": "center",
            },
            false,
          ]
        }
      >
        Sign Out
      </Text>
    </View>
  </View>
</RCTSafeAreaView>
`;
