// Jest Snapshot v1, https://goo.gl/fbAQLP

exports[`<Settings /> renders correctly 1`] = `
<View>
  <Text>
    Settings
  </Text>
  <View
    accessible={true}
    focusable={true}
    onClick={[Function]}
    onResponderGrant={[Function]}
    onResponderMove={[Function]}
    onResponderRelease={[Function]}
    onResponderTerminate={[Function]}
    onResponderTerminationRequest={[Function]}
    onStartShouldSetResponder={[Function]}
    style={
      Object {
        "opacity": 1,
      }
    }
  />
</View>
`;
