// Jest Snapshot v1, https://goo.gl/fbAQLP

exports[`<SplashScreen /> renders correctly 1`] = `
<RCTSafeAreaView
  emulateUnlessSupported={true}
  style={
    Object {
      "alignItems": "center",
      "flex": 1,
      "justifyContent": "center",
    }
  }
>
  <View
    style={
      Object {
        "alignItems": "center",
        "backgroundColor": "#66A182",
        "borderRadius": 100,
        "height": 200,
        "justifyContent": "center",
        "width": 200,
      }
    }
  >
    <Text />
  </View>
  <Text>
    Parking Bot
  </Text>
</RCTSafeAreaView>
`;
